<html>
<body>
<pre>
<h1>µVision Build Log</h1>
<h2>Tool Versions:</h2>
IDE-Version: µVision V5.25.2.0
Copyright (C) 2018 ARM Ltd and ARM Germany GmbH. All rights reserved.
License Information: 1 2, 3, LIC=----
 
Tool Versions:
Toolchain:       MDK-Lite  Version: 5.25.2.0
Toolchain Path:  C:\Keil_v5\ARM\ARMCC\Bin
C Compiler:      Armcc.exe V5.06 update 6 (build 750)
Assembler:       Armasm.exe V5.06 update 6 (build 750)
Linker/Locator:  ArmLink.exe V5.06 update 6 (build 750)
Library Manager: ArmAr.exe V5.06 update 6 (build 750)
Hex Converter:   FromElf.exe V5.06 update 6 (build 750)
CPU DLL:         SARMCM3.DLL V5.25.2.0
Dialog DLL:      DCM.DLL V1.17.1.0
Target DLL:      STLink\ST-LINKIII-KEIL_SWO.dll V3.0.1.0
Dialog DLL:      TCM.DLL V1.35.1.0
 
<h2>Project:</h2>
C:\Users\rashid\Desktop\Study-STM32\Lesson_1\lesson_001.uvprojx
Project File Date:  11/11/2020

<h2>Output:</h2>
*** Using Compiler 'V5.06 update 6 (build 750)', folder: 'C:\Keil_v5\ARM\ARMCC\Bin'
Rebuild target 'Target 1'
compiling misc.c...
compiling main.c...
compiling stm32f4xx_adc.c...
compiling stm32f4xx_cec.c...
compiling stm32f4xx_crc.c...
compiling stm32f4xx_can.c...
compiling stm32f4xx_cryp_des.c...
compiling stm32f4xx_cryp.c...
compiling stm32f4xx_cryp_aes.c...
compiling stm32f4xx_dbgmcu.c...
compiling stm32f4xx_cryp_tdes.c...
compiling stm32f4xx_dac.c...
compiling stm32f4xx_dfsdm.c...
compiling stm32f4xx_dcmi.c...
compiling stm32f4xx_dma.c...
compiling stm32f4xx_dsi.c...
compiling stm32f4xx_exti.c...
compiling stm32f4xx_dma2d.c...
compiling stm32f4xx_flash_ramfunc.c...
compiling stm32f4xx_fmpi2c.c...
compiling stm32f4xx_flash.c...
compiling stm32f4xx_hash.c...
compiling stm32f4xx_gpio.c...
compiling stm32f4xx_fsmc.c...
compiling stm32f4xx_hash_sha1.c...
compiling stm32f4xx_hash_md5.c...
compiling stm32f4xx_i2c.c...
compiling stm32f4xx_iwdg.c...
compiling stm32f4xx_lptim.c...
compiling stm32f4xx_ltdc.c...
compiling stm32f4xx_qspi.c...
compiling stm32f4xx_pwr.c...
compiling stm32f4xx_rcc.c...
compiling stm32f4xx_rng.c...
compiling stm32f4xx_sai.c...
compiling stm32f4xx_rtc.c...
compiling stm32f4xx_sdio.c...
compiling stm32f4xx_spdifrx.c...
compiling stm32f4xx_spi.c...
compiling stm32f4xx_syscfg.c...
compiling stm32f4xx_usart.c...
assembling startup_stm32f405xx.s...
compiling stm32f4xx_tim.c...
compiling stm32f4xx_wwdg.c...
compiling system_stm32f4xx.c...
linking...
Program Size: Code=436 RO-data=408 RW-data=0 ZI-data=1632  
".\Objects\lesson_001.axf" - 0 Error(s), 0 Warning(s).

<h2>Software Packages used:</h2>

Package Vendor: ARM
                http://www.keil.com/pack/ARM.CMSIS.5.7.0.pack
                ARM.CMSIS.5.7.0
                CMSIS (Cortex Microcontroller Software Interface Standard)
   * Component: CORE Version: 5.4.0

Package Vendor: Keil
                http://www.keil.com/pack/Keil.STM32F4xx_DFP.2.15.0.pack
                Keil.STM32F4xx_DFP.2.15.0
                STMicroelectronics STM32F4 Series Device Support, Drivers and Examples
   * Component: Startup Version: 2.6.3

<h2>Collection of Component include folders:</h2>
  .\RTE\_Target_1
  E:\Keil_v5\ARM\PACK\ARM\CMSIS\5.7.0\CMSIS\Core\Include
  E:\Keil_v5\ARM\PACK\Keil\STM32F4xx_DFP\2.15.0\Drivers\CMSIS\Device\ST\STM32F4xx\Include

<h2>Collection of Component Files used:</h2>

   * Component: ARM::CMSIS:CORE:5.4.0

   * Component: Keil::Device:Startup:2.6.3
      Include file:  Drivers\CMSIS\Device\ST\STM32F4xx\Include\stm32f4xx.h
      Source file:   Drivers\CMSIS\Device\ST\STM32F4xx\Source\Templates\arm\startup_stm32f405xx.s
      Source file:   MDK\Device\Source\ARM\STM32F40xxx_41xxx_OPT.s
      Source file:   MDK\Device\Source\ARM\STM32F4xx_OTP.s
      Source file:   Drivers\CMSIS\Device\ST\STM32F4xx\Source\Templates\system_stm32f4xx.c
Build Time Elapsed:  00:00:35
</pre>
</body>
</html>
